src/app/page.tsx(76,12): error TS2322: Type '{ children: (string | Element)[]; className: string; initial: { opacity: number; y: number; }; animate: { opacity: number; y: number; }; transition: { duration: number; ease: string; }; }' is not assignable to type 'Omit<HTMLMotionProps<"h1">, "ref">'.
  Types of property 'transition' are incompatible.
    Type '{ duration: number; ease: string; }' is not assignable to type 'Transition<any> | undefined'.
      Type '{ duration: number; ease: string; }' is not assignable to type 'TransitionWithValueOverrides<any>'.
        Type '{ duration: number; ease: string; }' is not assignable to type 'ValueAnimationTransition<any>'.
          Types of property 'ease' are incompatible.
            Type 'string' is not assignable to type 'Easing | Easing[] | undefined'.
